[info] device=cuda
[info] train=43445 val=5430 test=5430 classes=38
Warning: You are sending unauthenticated requests to the HF Hub. Please set a HF_TOKEN to enable higher rate limits and faster downloads.
[info] model=hybrid params: trainable=49.80M total=50.35M
/home/victus/Papers/Victus_Pardus_0011_Plant_Disease_XAI/Frontiers_Plant_Science/code/train.py:107: FutureWarning: `torch.cuda.amp.GradScaler(args...)` is deprecated. Please use `torch.amp.GradScaler('cuda', args...)` instead.
  scaler = GradScaler()
/home/victus/Papers/Victus_Pardus_0011_Plant_Disease_XAI/Frontiers_Plant_Science/code/train.py:124: FutureWarning: `torch.cuda.amp.autocast(args...)` is deprecated. Please use `torch.amp.autocast('cuda', args...)` instead.
  with autocast(dtype=torch.float16):
[e1 s50] loss=3.6403 acc=0.0825 lr=7.37e-06 14.5s
[e1 s100] loss=3.2441 acc=0.2094 lr=1.47e-05 28.3s
[e1 s150] loss=2.8699 acc=0.3217 lr=2.21e-05 42.2s
[e1 s200] loss=2.5268 acc=0.4206 lr=2.95e-05 56.0s
[e1 s250] loss=2.2447 acc=0.5000 lr=3.68e-05 69.9s
[e1 s300] loss=2.0131 acc=0.5648 lr=4.42e-05 83.7s
[e1 s350] loss=1.8290 acc=0.6145 lr=5.16e-05 97.6s
[e1 s400] loss=1.6775 acc=0.6552 lr=5.89e-05 111.5s
[e1 s450] loss=1.5601 acc=0.6851 lr=6.63e-05 125.4s
[e1 s500] loss=1.4691 acc=0.7089 lr=7.37e-05 139.3s
[e1 s550] loss=1.3887 acc=0.7301 lr=8.10e-05 153.2s
[e1 s600] loss=1.3198 acc=0.7485 lr=8.84e-05 167.0s
[e1 s650] loss=1.2607 acc=0.7638 lr=9.58e-05 180.9s
[e1 s700] loss=1.2102 acc=0.7773 lr=1.03e-04 194.7s
[e1 s750] loss=1.1667 acc=0.7887 lr=1.11e-04 208.6s
[e1 s800] loss=1.1275 acc=0.7989 lr=1.18e-04 222.5s
[e1 s850] loss=1.0917 acc=0.8082 lr=1.25e-04 236.3s
[e1 s900] loss=1.0611 acc=0.8163 lr=1.33e-04 250.1s
[e1 s950] loss=1.0323 acc=0.8237 lr=1.40e-04 264.0s
[e1 s1000] loss=1.0096 acc=0.8293 lr=1.47e-04 277.8s
[e1 s1050] loss=0.9877 acc=0.8351 lr=1.55e-04 291.7s
[e1 s1100] loss=0.9668 acc=0.8406 lr=1.62e-04 305.5s
[e1 s1150] loss=0.9480 acc=0.8454 lr=1.69e-04 319.4s
[e1 s1200] loss=0.9317 acc=0.8497 lr=1.77e-04 333.2s
[e1 s1250] loss=0.9181 acc=0.8532 lr=1.84e-04 347.1s
[e1 s1300] loss=0.9036 acc=0.8569 lr=1.92e-04 360.9s
[e1 s1350] loss=0.8901 acc=0.8603 lr=1.99e-04 374.7s
[e1 s1400] loss=0.8795 acc=0.8629 lr=2.06e-04 388.6s
[e1 s1450] loss=0.8680 acc=0.8656 lr=2.14e-04 402.4s
[e1 s1500] loss=0.8587 acc=0.8681 lr=2.21e-04 416.3s
[e1 s1550] loss=0.8484 acc=0.8710 lr=2.28e-04 430.1s
[e1 s1600] loss=0.8392 acc=0.8736 lr=2.36e-04 443.9s
[e1 s1650] loss=0.8309 acc=0.8756 lr=2.43e-04 457.8s
[e1 s1700] loss=0.8229 acc=0.8774 lr=2.50e-04 471.6s
[e1 s1750] loss=0.8146 acc=0.8795 lr=2.58e-04 485.5s
[e1 s1800] loss=0.8069 acc=0.8814 lr=2.65e-04 499.3s
[e1 s1850] loss=0.8004 acc=0.8832 lr=2.73e-04 513.1s
[e1 s1900] loss=0.7963 acc=0.8841 lr=2.80e-04 527.0s
[e1 s1950] loss=0.7901 acc=0.8857 lr=2.87e-04 540.8s
[e1 s2000] loss=0.7863 acc=0.8866 lr=2.95e-04 554.7s
[e1 s2050] loss=0.7805 acc=0.8882 lr=3.00e-04 568.5s
[e1 s2100] loss=0.7754 acc=0.8896 lr=3.00e-04 582.4s
[e1 s2150] loss=0.7700 acc=0.8910 lr=3.00e-04 596.2s
[e1 s2200] loss=0.7659 acc=0.8920 lr=3.00e-04 610.1s
[e1 s2250] loss=0.7613 acc=0.8931 lr=3.00e-04 623.9s
[e1 s2300] loss=0.7569 acc=0.8942 lr=3.00e-04 637.8s
[e1 s2350] loss=0.7530 acc=0.8951 lr=3.00e-04 651.6s
[e1 s2400] loss=0.7481 acc=0.8965 lr=3.00e-04 665.5s
[e1 s2450] loss=0.7435 acc=0.8977 lr=3.00e-04 679.3s
[e1 s2500] loss=0.7384 acc=0.8991 lr=3.00e-04 693.2s
[e1 s2550] loss=0.7344 acc=0.9002 lr=3.00e-04 707.0s
[e1 s2600] loss=0.7304 acc=0.9012 lr=3.00e-04 720.8s
[e1 s2650] loss=0.7268 acc=0.9021 lr=3.00e-04 734.7s
[e1 s2700] loss=0.7233 acc=0.9029 lr=3.00e-04 748.5s
/home/victus/Papers/Victus_Pardus_0011_Plant_Disease_XAI/Frontiers_Plant_Science/code/train.py:42: FutureWarning: `torch.cuda.amp.autocast(args...)` is deprecated. Please use `torch.amp.autocast('cuda', args...)` instead.
  with autocast(dtype=torch.float16):
[epoch 1] train loss=0.7224 acc=0.9031 | val loss=0.1433 acc=0.9696 top5=0.9963 | 788.2s
[info] saved best ckpt @ val_acc=0.9696 -> /home/victus/Papers/Victus_Pardus_0011_Plant_Disease_XAI/Frontiers_Plant_Science/results/best_hybrid.pt
[e2 s2750] loss=0.4701 acc=0.9732 lr=3.00e-04 9.8s
[e2 s2800] loss=0.4893 acc=0.9654 lr=3.00e-04 23.6s
[e2 s2850] loss=0.4979 acc=0.9611 lr=3.00e-04 37.5s
[e2 s2900] loss=0.5012 acc=0.9615 lr=3.00e-04 51.3s
[e2 s2950] loss=0.5066 acc=0.9598 lr=3.00e-04 65.2s
[e2 s3000] loss=0.5125 acc=0.9579 lr=3.00e-04 79.0s
[e2 s3050] loss=0.5101 acc=0.9586 lr=2.99e-04 92.9s
[e2 s3100] loss=0.5075 acc=0.9601 lr=2.99e-04 106.7s
[e2 s3150] loss=0.5079 acc=0.9599 lr=2.99e-04 120.6s
[e2 s3200] loss=0.5064 acc=0.9599 lr=2.99e-04 134.4s
[e2 s3250] loss=0.5053 acc=0.9600 lr=2.99e-04 148.3s
[e2 s3300] loss=0.5048 acc=0.9603 lr=2.99e-04 162.1s
[e2 s3350] loss=0.5059 acc=0.9599 lr=2.99e-04 176.0s
[e2 s3400] loss=0.5034 acc=0.9609 lr=2.99e-04 189.8s
[e2 s3450] loss=0.5035 acc=0.9608 lr=2.99e-04 203.7s
[e2 s3500] loss=0.5032 acc=0.9603 lr=2.99e-04 217.5s
[e2 s3550] loss=0.5030 acc=0.9603 lr=2.99e-04 231.4s
[e2 s3600] loss=0.5035 acc=0.9600 lr=2.99e-04 245.2s
[e2 s3650] loss=0.5039 acc=0.9601 lr=2.99e-04 259.1s
[e2 s3700] loss=0.5038 acc=0.9599 lr=2.99e-04 272.9s
[e2 s3750] loss=0.5034 acc=0.9598 lr=2.99e-04 286.8s
[e2 s3800] loss=0.5035 acc=0.9599 lr=2.98e-04 300.6s
[e2 s3850] loss=0.5024 acc=0.9604 lr=2.98e-04 314.4s
[e2 s3900] loss=0.5017 acc=0.9603 lr=2.98e-04 328.3s
[e2 s3950] loss=0.4995 acc=0.9611 lr=2.98e-04 342.1s
[e2 s4000] loss=0.4989 acc=0.9612 lr=2.98e-04 356.0s
[e2 s4050] loss=0.4976 acc=0.9618 lr=2.98e-04 369.8s
[e2 s4100] loss=0.4956 acc=0.9625 lr=2.98e-04 383.6s
[e2 s4150] loss=0.4950 acc=0.9628 lr=2.98e-04 397.5s
[e2 s4200] loss=0.4944 acc=0.9630 lr=2.98e-04 411.3s
[e2 s4250] loss=0.4933 acc=0.9633 lr=2.98e-04 425.2s
[e2 s4300] loss=0.4937 acc=0.9632 lr=2.97e-04 439.0s
[e2 s4350] loss=0.4936 acc=0.9633 lr=2.97e-04 452.9s
[e2 s4400] loss=0.4938 acc=0.9633 lr=2.97e-04 466.7s
[e2 s4450] loss=0.4919 acc=0.9640 lr=2.97e-04 480.5s
[e2 s4500] loss=0.4912 acc=0.9643 lr=2.97e-04 494.4s
[e2 s4550] loss=0.4903 acc=0.9646 lr=2.97e-04 508.2s
[e2 s4600] loss=0.4892 acc=0.9649 lr=2.97e-04 522.1s
[e2 s4650] loss=0.4890 acc=0.9649 lr=2.97e-04 535.9s
[e2 s4700] loss=0.4884 acc=0.9651 lr=2.97e-04 549.8s
[e2 s4750] loss=0.4878 acc=0.9653 lr=2.96e-04 563.6s
[e2 s4800] loss=0.4882 acc=0.9654 lr=2.96e-04 577.4s
[e2 s4850] loss=0.4877 acc=0.9656 lr=2.96e-04 591.3s
[e2 s4900] loss=0.4872 acc=0.9656 lr=2.96e-04 605.1s
[e2 s4950] loss=0.4867 acc=0.9658 lr=2.96e-04 619.0s
[e2 s5000] loss=0.4864 acc=0.9659 lr=2.96e-04 632.8s
[e2 s5050] loss=0.4867 acc=0.9659 lr=2.96e-04 646.7s
[e2 s5100] loss=0.4862 acc=0.9660 lr=2.95e-04 660.5s
[e2 s5150] loss=0.4858 acc=0.9660 lr=2.95e-04 674.4s
[e2 s5200] loss=0.4852 acc=0.9662 lr=2.95e-04 688.2s
[e2 s5250] loss=0.4845 acc=0.9664 lr=2.95e-04 702.0s
[e2 s5300] loss=0.4841 acc=0.9666 lr=2.95e-04 715.9s
[e2 s5350] loss=0.4834 acc=0.9668 lr=2.95e-04 729.7s
[e2 s5400] loss=0.4825 acc=0.9671 lr=2.94e-04 743.6s
[epoch 2] train loss=0.4824 acc=0.9672 | val loss=0.1028 acc=0.9808 top5=0.9974 | 1575.7s
[info] saved best ckpt @ val_acc=0.9808 -> /home/victus/Papers/Victus_Pardus_0011_Plant_Disease_XAI/Frontiers_Plant_Science/results/best_hybrid.pt
[e3 s5450] loss=0.4547 acc=0.9719 lr=2.94e-04 5.6s
[e3 s5500] loss=0.4595 acc=0.9723 lr=2.94e-04 19.5s
[e3 s5550] loss=0.4567 acc=0.9714 lr=2.94e-04 33.3s
[e3 s5600] loss=0.4582 acc=0.9713 lr=2.94e-04 47.1s
[e3 s5650] loss=0.4626 acc=0.9719 lr=2.94e-04 61.0s
[e3 s5700] loss=0.4668 acc=0.9706 lr=2.93e-04 74.8s
[e3 s5750] loss=0.4650 acc=0.9709 lr=2.93e-04 88.7s
[e3 s5800] loss=0.4641 acc=0.9709 lr=2.93e-04 102.5s
[e3 s5850] loss=0.4623 acc=0.9716 lr=2.93e-04 116.4s
[e3 s5900] loss=0.4635 acc=0.9714 lr=2.93e-04 130.2s
[e3 s5950] loss=0.4591 acc=0.9727 lr=2.92e-04 144.0s
[e3 s6000] loss=0.4592 acc=0.9731 lr=2.92e-04 157.9s
[e3 s6050] loss=0.4582 acc=0.9738 lr=2.92e-04 171.7s
[e3 s6100] loss=0.4580 acc=0.9740 lr=2.92e-04 185.6s
[e3 s6150] loss=0.4575 acc=0.9739 lr=2.92e-04 199.4s
[e3 s6200] loss=0.4557 acc=0.9745 lr=2.92e-04 213.3s
[e3 s6250] loss=0.4555 acc=0.9749 lr=2.91e-04 227.1s
[e3 s6300] loss=0.4541 acc=0.9752 lr=2.91e-04 240.9s
[e3 s6350] loss=0.4532 acc=0.9755 lr=2.91e-04 254.7s
[e3 s6400] loss=0.4528 acc=0.9757 lr=2.91e-04 268.6s
[e3 s6450] loss=0.4514 acc=0.9762 lr=2.90e-04 282.4s
[e3 s6500] loss=0.4501 acc=0.9766 lr=2.90e-04 296.3s
[e3 s6550] loss=0.4509 acc=0.9765 lr=2.90e-04 310.1s
[e3 s6600] loss=0.4513 acc=0.9764 lr=2.90e-04 324.0s
[e3 s6650] loss=0.4515 acc=0.9764 lr=2.90e-04 337.8s
[e3 s6700] loss=0.4503 acc=0.9770 lr=2.89e-04 351.6s
[e3 s6750] loss=0.4506 acc=0.9768 lr=2.89e-04 365.5s
[e3 s6800] loss=0.4506 acc=0.9768 lr=2.89e-04 379.3s
[e3 s6850] loss=0.4514 acc=0.9765 lr=2.89e-04 393.2s
[e3 s6900] loss=0.4508 acc=0.9767 lr=2.88e-04 407.0s
[e3 s6950] loss=0.4496 acc=0.9771 lr=2.88e-04 420.8s
[e3 s7000] loss=0.4496 acc=0.9772 lr=2.88e-04 434.7s
[e3 s7050] loss=0.4492 acc=0.9772 lr=2.88e-04 448.5s
[e3 s7100] loss=0.4490 acc=0.9774 lr=2.87e-04 462.3s
[e3 s7150] loss=0.4490 acc=0.9775 lr=2.87e-04 476.2s
[e3 s7200] loss=0.4489 acc=0.9776 lr=2.87e-04 490.0s
[e3 s7250] loss=0.4487 acc=0.9775 lr=2.87e-04 503.9s
[e3 s7300] loss=0.4483 acc=0.9775 lr=2.87e-04 517.7s
[e3 s7350] loss=0.4487 acc=0.9775 lr=2.86e-04 531.5s
[e3 s7400] loss=0.4486 acc=0.9776 lr=2.86e-04 545.4s
[e3 s7450] loss=0.4485 acc=0.9776 lr=2.86e-04 559.2s
[e3 s7500] loss=0.4481 acc=0.9777 lr=2.85e-04 573.1s
[e3 s7550] loss=0.4475 acc=0.9778 lr=2.85e-04 586.9s
[e3 s7600] loss=0.4473 acc=0.9778 lr=2.85e-04 600.7s
[e3 s7650] loss=0.4474 acc=0.9778 lr=2.85e-04 614.6s
[e3 s7700] loss=0.4473 acc=0.9779 lr=2.84e-04 628.4s
[e3 s7750] loss=0.4478 acc=0.9777 lr=2.84e-04 642.3s
[e3 s7800] loss=0.4477 acc=0.9778 lr=2.84e-04 656.1s
[e3 s7850] loss=0.4477 acc=0.9779 lr=2.84e-04 669.9s
[e3 s7900] loss=0.4473 acc=0.9781 lr=2.83e-04 683.8s
[e3 s7950] loss=0.4473 acc=0.9781 lr=2.83e-04 697.6s
[e3 s8000] loss=0.4473 acc=0.9782 lr=2.83e-04 711.4s
[e3 s8050] loss=0.4475 acc=0.9781 lr=2.82e-04 725.3s
[e3 s8100] loss=0.4471 acc=0.9783 lr=2.82e-04 739.1s
[epoch 3] train loss=0.4467 acc=0.9784 | val loss=0.0930 acc=0.9829 top5=0.9985 | 2362.9s
[info] saved best ckpt @ val_acc=0.9829 -> /home/victus/Papers/Victus_Pardus_0011_Plant_Disease_XAI/Frontiers_Plant_Science/results/best_hybrid.pt
[e4 s8150] loss=0.4301 acc=0.9875 lr=2.82e-04 1.5s
[e4 s8200] loss=0.4217 acc=0.9852 lr=2.82e-04 15.3s
[e4 s8250] loss=0.4156 acc=0.9875 lr=2.81e-04 29.2s
[e4 s8300] loss=0.4155 acc=0.9887 lr=2.81e-04 43.0s
[e4 s8350] loss=0.4196 acc=0.9866 lr=2.81e-04 56.8s
[e4 s8400] loss=0.4246 acc=0.9860 lr=2.80e-04 70.7s
[e4 s8450] loss=0.4227 acc=0.9867 lr=2.80e-04 84.5s
[e4 s8500] loss=0.4229 acc=0.9866 lr=2.80e-04 98.3s
[e4 s8550] loss=0.4258 acc=0.9856 lr=2.80e-04 112.2s
[e4 s8600] loss=0.4300 acc=0.9846 lr=2.79e-04 126.0s
[e4 s8650] loss=0.4292 acc=0.9851 lr=2.79e-04 139.9s
[e4 s8700] loss=0.4300 acc=0.9846 lr=2.79e-04 153.7s
[e4 s8750] loss=0.4275 acc=0.9853 lr=2.78e-04 167.5s
[e4 s8800] loss=0.4294 acc=0.9847 lr=2.78e-04 181.4s
[e4 s8850] loss=0.4293 acc=0.9848 lr=2.78e-04 195.2s
[e4 s8900] loss=0.4294 acc=0.9845 lr=2.77e-04 209.0s
[e4 s8950] loss=0.4295 acc=0.9844 lr=2.77e-04 222.9s
[e4 s9000] loss=0.4278 acc=0.9849 lr=2.77e-04 236.7s
[e4 s9050] loss=0.4279 acc=0.9848 lr=2.76e-04 250.5s
[e4 s9100] loss=0.4272 acc=0.9849 lr=2.76e-04 264.4s
[e4 s9150] loss=0.4263 acc=0.9851 lr=2.76e-04 278.2s
[e4 s9200] loss=0.4254 acc=0.9854 lr=2.75e-04 292.0s
[e4 s9250] loss=0.4248 acc=0.9857 lr=2.75e-04 305.9s
[e4 s9300] loss=0.4264 acc=0.9852 lr=2.75e-04 319.7s
[e4 s9350] loss=0.4264 acc=0.9849 lr=2.74e-04 333.5s
[e4 s9400] loss=0.4262 acc=0.9849 lr=2.74e-04 347.4s
[e4 s9450] loss=0.4260 acc=0.9849 lr=2.74e-04 361.2s
[e4 s9500] loss=0.4261 acc=0.9848 lr=2.73e-04 375.0s
[e4 s9550] loss=0.4256 acc=0.9850 lr=2.73e-04 388.9s
[e4 s9600] loss=0.4265 acc=0.9847 lr=2.73e-04 402.7s
[e4 s9650] loss=0.4263 acc=0.9848 lr=2.72e-04 416.5s
[e4 s9700] loss=0.4277 acc=0.9845 lr=2.72e-04 430.4s
[e4 s9750] loss=0.4279 acc=0.9845 lr=2.72e-04 444.2s
[e4 s9800] loss=0.4271 acc=0.9847 lr=2.71e-04 458.0s
[e4 s9850] loss=0.4265 acc=0.9849 lr=2.71e-04 471.9s
[e4 s9900] loss=0.4262 acc=0.9850 lr=2.70e-04 485.7s
[e4 s9950] loss=0.4255 acc=0.9852 lr=2.70e-04 499.5s
[e4 s10000] loss=0.4260 acc=0.9851 lr=2.70e-04 513.4s
[e4 s10050] loss=0.4272 acc=0.9846 lr=2.69e-04 527.2s
[e4 s10100] loss=0.4279 acc=0.9845 lr=2.69e-04 541.1s
[e4 s10150] loss=0.4282 acc=0.9844 lr=2.69e-04 554.9s
[e4 s10200] loss=0.4280 acc=0.9845 lr=2.68e-04 568.7s
[e4 s10250] loss=0.4280 acc=0.9846 lr=2.68e-04 582.6s
[e4 s10300] loss=0.4279 acc=0.9845 lr=2.67e-04 596.4s
[e4 s10350] loss=0.4283 acc=0.9844 lr=2.67e-04 610.2s
[e4 s10400] loss=0.4278 acc=0.9846 lr=2.67e-04 624.1s
[e4 s10450] loss=0.4278 acc=0.9846 lr=2.66e-04 637.9s
[e4 s10500] loss=0.4286 acc=0.9843 lr=2.66e-04 651.8s
[e4 s10550] loss=0.4287 acc=0.9842 lr=2.66e-04 665.6s
[e4 s10600] loss=0.4284 acc=0.9843 lr=2.65e-04 679.4s
[e4 s10650] loss=0.4284 acc=0.9843 lr=2.65e-04 693.3s
[e4 s10700] loss=0.4286 acc=0.9842 lr=2.64e-04 707.1s
[e4 s10750] loss=0.4283 acc=0.9843 lr=2.64e-04 720.9s
[e4 s10800] loss=0.4278 acc=0.9845 lr=2.64e-04 734.8s
[e4 s10850] loss=0.4278 acc=0.9845 lr=2.63e-04 748.6s
[epoch 4] train loss=0.4278 acc=0.9845 | val loss=0.0784 acc=0.9869 top5=0.9989 | 3149.9s
[info] saved best ckpt @ val_acc=0.9869 -> /home/victus/Papers/Victus_Pardus_0011_Plant_Disease_XAI/Frontiers_Plant_Science/results/best_hybrid.pt
[e5 s10900] loss=0.4282 acc=0.9844 lr=2.63e-04 11.2s
[e5 s10950] loss=0.4285 acc=0.9833 lr=2.62e-04 25.0s
[e5 s11000] loss=0.4301 acc=0.9839 lr=2.62e-04 38.8s
[e5 s11050] loss=0.4240 acc=0.9862 lr=2.62e-04 52.7s
[e5 s11100] loss=0.4255 acc=0.9852 lr=2.61e-04 66.5s
[e5 s11150] loss=0.4205 acc=0.9862 lr=2.61e-04 80.3s
[e5 s11200] loss=0.4239 acc=0.9858 lr=2.60e-04 94.2s
[e5 s11250] loss=0.4256 acc=0.9853 lr=2.60e-04 108.0s
[e5 s11300] loss=0.4258 acc=0.9849 lr=2.60e-04 121.8s
[e5 s11350] loss=0.4257 acc=0.9848 lr=2.59e-04 135.7s
[e5 s11400] loss=0.4249 acc=0.9848 lr=2.59e-04 149.5s
[e5 s11450] loss=0.4248 acc=0.9849 lr=2.58e-04 163.3s
[e5 s11500] loss=0.4249 acc=0.9852 lr=2.58e-04 177.2s
[e5 s11550] loss=0.4241 acc=0.9855 lr=2.57e-04 191.0s
[e5 s11600] loss=0.4236 acc=0.9855 lr=2.57e-04 204.8s
[e5 s11650] loss=0.4229 acc=0.9857 lr=2.57e-04 218.7s
[e5 s11700] loss=0.4230 acc=0.9857 lr=2.56e-04 232.5s
[e5 s11750] loss=0.4218 acc=0.9860 lr=2.56e-04 246.3s
[e5 s11800] loss=0.4225 acc=0.9859 lr=2.55e-04 260.2s
[e5 s11850] loss=0.4230 acc=0.9859 lr=2.55e-04 274.0s
[e5 s11900] loss=0.4226 acc=0.9861 lr=2.54e-04 287.8s
[e5 s11950] loss=0.4222 acc=0.9862 lr=2.54e-04 301.7s
[e5 s12000] loss=0.4224 acc=0.9861 lr=2.54e-04 315.5s
[e5 s12050] loss=0.4224 acc=0.9861 lr=2.53e-04 329.4s
[e5 s12100] loss=0.4229 acc=0.9860 lr=2.53e-04 343.2s
[e5 s12150] loss=0.4216 acc=0.9865 lr=2.52e-04 357.1s
[e5 s12200] loss=0.4211 acc=0.9866 lr=2.52e-04 371.0s
[e5 s12250] loss=0.4206 acc=0.9868 lr=2.51e-04 384.8s
[e5 s12300] loss=0.4205 acc=0.9868 lr=2.51e-04 398.6s
[e5 s12350] loss=0.4212 acc=0.9866 lr=2.50e-04 412.5s
[e5 s12400] loss=0.4214 acc=0.9866 lr=2.50e-04 426.3s
[e5 s12450] loss=0.4209 acc=0.9868 lr=2.49e-04 440.1s
[e5 s12500] loss=0.4207 acc=0.9868 lr=2.49e-04 454.0s
[e5 s12550] loss=0.4202 acc=0.9869 lr=2.49e-04 467.8s
[e5 s12600] loss=0.4197 acc=0.9870 lr=2.48e-04 481.6s
[e5 s12650] loss=0.4196 acc=0.9870 lr=2.48e-04 495.5s
[e5 s12700] loss=0.4193 acc=0.9871 lr=2.47e-04 509.3s
[e5 s12750] loss=0.4191 acc=0.9871 lr=2.47e-04 523.1s
[e5 s12800] loss=0.4199 acc=0.9869 lr=2.46e-04 537.0s
[e5 s12850] loss=0.4195 acc=0.9870 lr=2.46e-04 550.8s
[e5 s12900] loss=0.4193 acc=0.9869 lr=2.45e-04 564.6s
[e5 s12950] loss=0.4187 acc=0.9870 lr=2.45e-04 578.5s
[e5 s13000] loss=0.4183 acc=0.9872 lr=2.44e-04 592.3s
[e5 s13050] loss=0.4179 acc=0.9872 lr=2.44e-04 606.1s
[e5 s13100] loss=0.4177 acc=0.9873 lr=2.43e-04 620.0s
[e5 s13150] loss=0.4174 acc=0.9874 lr=2.43e-04 633.8s
[e5 s13200] loss=0.4177 acc=0.9874 lr=2.42e-04 647.6s
[e5 s13250] loss=0.4174 acc=0.9874 lr=2.42e-04 661.4s
[e5 s13300] loss=0.4173 acc=0.9874 lr=2.42e-04 675.3s
[e5 s13350] loss=0.4172 acc=0.9874 lr=2.41e-04 689.1s
[e5 s13400] loss=0.4171 acc=0.9875 lr=2.41e-04 702.9s
[e5 s13450] loss=0.4170 acc=0.9875 lr=2.40e-04 716.8s
[e5 s13500] loss=0.4170 acc=0.9875 lr=2.40e-04 730.6s
[e5 s13550] loss=0.4172 acc=0.9874 lr=2.39e-04 744.4s
[epoch 5] train loss=0.4172 acc=0.9874 | val loss=0.0687 acc=0.9891 top5=0.9998 | 3936.9s
[info] saved best ckpt @ val_acc=0.9891 -> /home/victus/Papers/Victus_Pardus_0011_Plant_Disease_XAI/Frontiers_Plant_Science/results/best_hybrid.pt
[e6 s13600] loss=0.4137 acc=0.9900 lr=2.39e-04 7.0s
[e6 s13650] loss=0.4101 acc=0.9908 lr=2.38e-04 20.8s
[e6 s13700] loss=0.4067 acc=0.9915 lr=2.38e-04 34.7s
[e6 s13750] loss=0.4013 acc=0.9925 lr=2.37e-04 48.5s
[e6 s13800] loss=0.4036 acc=0.9911 lr=2.37e-04 62.3s
[e6 s13850] loss=0.4062 acc=0.9909 lr=2.36e-04 76.2s
[e6 s13900] loss=0.4070 acc=0.9906 lr=2.36e-04 90.0s
[e6 s13950] loss=0.4066 acc=0.9903 lr=2.35e-04 103.8s
[e6 s14000] loss=0.4063 acc=0.9906 lr=2.35e-04 117.7s
[e6 s14050] loss=0.4094 acc=0.9893 lr=2.34e-04 131.5s
[e6 s14100] loss=0.4089 acc=0.9896 lr=2.34e-04 145.3s
[e6 s14150] loss=0.4088 acc=0.9897 lr=2.33e-04 159.1s
[e6 s14200] loss=0.4086 acc=0.9897 lr=2.33e-04 173.0s
[e6 s14250] loss=0.4088 acc=0.9896 lr=2.32e-04 186.8s
[e6 s14300] loss=0.4090 acc=0.9896 lr=2.32e-04 200.7s
[e6 s14350] loss=0.4082 acc=0.9900 lr=2.31e-04 214.6s
[e6 s14400] loss=0.4085 acc=0.9899 lr=2.31e-04 228.4s
[e6 s14450] loss=0.4074 acc=0.9902 lr=2.30e-04 242.2s
[e6 s14500] loss=0.4078 acc=0.9901 lr=2.30e-04 256.1s
[e6 s14550] loss=0.4092 acc=0.9896 lr=2.29e-04 269.9s
[e6 s14600] loss=0.4102 acc=0.9894 lr=2.28e-04 283.7s
[e6 s14650] loss=0.4113 acc=0.9891 lr=2.28e-04 297.6s
[e6 s14700] loss=0.4110 acc=0.9892 lr=2.27e-04 311.4s
[e6 s14750] loss=0.4103 acc=0.9893 lr=2.27e-04 325.2s
[e6 s14800] loss=0.4104 acc=0.9893 lr=2.26e-04 339.0s
[e6 s14850] loss=0.4101 acc=0.9895 lr=2.26e-04 352.9s
[e6 s14900] loss=0.4094 acc=0.9896 lr=2.25e-04 366.7s
[e6 s14950] loss=0.4098 acc=0.9896 lr=2.25e-04 380.5s
[e6 s15000] loss=0.4096 acc=0.9897 lr=2.24e-04 394.3s
[e6 s15050] loss=0.4089 acc=0.9899 lr=2.24e-04 408.2s
[e6 s15100] loss=0.4088 acc=0.9900 lr=2.23e-04 422.0s
[e6 s15150] loss=0.4085 acc=0.9901 lr=2.23e-04 435.8s
[e6 s15200] loss=0.4090 acc=0.9899 lr=2.22e-04 449.6s
[e6 s15250] loss=0.4090 acc=0.9899 lr=2.22e-04 463.5s
[e6 s15300] loss=0.4097 acc=0.9897 lr=2.21e-04 477.3s
[e6 s15350] loss=0.4093 acc=0.9898 lr=2.21e-04 491.1s
[e6 s15400] loss=0.4090 acc=0.9899 lr=2.20e-04 505.0s
[e6 s15450] loss=0.4085 acc=0.9900 lr=2.19e-04 518.8s
[e6 s15500] loss=0.4083 acc=0.9901 lr=2.19e-04 532.6s
[e6 s15550] loss=0.4079 acc=0.9903 lr=2.18e-04 546.4s
[e6 s15600] loss=0.4075 acc=0.9904 lr=2.18e-04 560.3s
[e6 s15650] loss=0.4076 acc=0.9903 lr=2.17e-04 574.1s
[e6 s15700] loss=0.4078 acc=0.9902 lr=2.17e-04 587.9s
[e6 s15750] loss=0.4078 acc=0.9902 lr=2.16e-04 601.8s
[e6 s15800] loss=0.4079 acc=0.9902 lr=2.16e-04 615.6s
[e6 s15850] loss=0.4076 acc=0.9903 lr=2.15e-04 629.4s
[e6 s15900] loss=0.4072 acc=0.9904 lr=2.15e-04 643.2s
[e6 s15950] loss=0.4067 acc=0.9906 lr=2.14e-04 657.1s
[e6 s16000] loss=0.4069 acc=0.9905 lr=2.13e-04 670.9s
[e6 s16050] loss=0.4069 acc=0.9906 lr=2.13e-04 684.7s
[e6 s16100] loss=0.4069 acc=0.9905 lr=2.12e-04 698.5s
[e6 s16150] loss=0.4065 acc=0.9906 lr=2.12e-04 712.4s
[e6 s16200] loss=0.4062 acc=0.9907 lr=2.11e-04 726.2s
[e6 s16250] loss=0.4059 acc=0.9907 lr=2.11e-04 740.0s
[epoch 6] train loss=0.4059 acc=0.9908 | val loss=0.0814 acc=0.9864 top5=0.9989 | 4723.7s
[e7 s16300] loss=0.3794 acc=1.0000 lr=2.10e-04 2.9s
[e7 s16350] loss=0.4334 acc=0.9833 lr=2.10e-04 16.7s
[e7 s16400] loss=0.4202 acc=0.9875 lr=2.09e-04 30.5s
[e7 s16450] loss=0.4082 acc=0.9906 lr=2.08e-04 44.3s
[e7 s16500] loss=0.4054 acc=0.9911 lr=2.08e-04 58.1s
[e7 s16550] loss=0.4033 acc=0.9918 lr=2.07e-04 72.0s
[e7 s16600] loss=0.4040 acc=0.9917 lr=2.07e-04 85.8s
[e7 s16650] loss=0.4011 acc=0.9925 lr=2.06e-04 99.6s
[e7 s16700] loss=0.3987 acc=0.9933 lr=2.06e-04 113.4s
[e7 s16750] loss=0.3981 acc=0.9932 lr=2.05e-04 127.3s
[e7 s16800] loss=0.3978 acc=0.9933 lr=2.05e-04 141.1s
[e7 s16850] loss=0.3986 acc=0.9932 lr=2.04e-04 154.9s
[e7 s16900] loss=0.3982 acc=0.9932 lr=2.03e-04 168.7s
[e7 s16950] loss=0.3992 acc=0.9930 lr=2.03e-04 182.6s
[e7 s17000] loss=0.4002 acc=0.9925 lr=2.02e-04 196.4s
[e7 s17050] loss=0.4003 acc=0.9926 lr=2.02e-04 210.2s
[e7 s17100] loss=0.4012 acc=0.9924 lr=2.01e-04 224.1s
[e7 s17150] loss=0.4011 acc=0.9922 lr=2.01e-04 237.9s
[e7 s17200] loss=0.4008 acc=0.9924 lr=2.00e-04 251.7s
[e7 s17250] loss=0.4013 acc=0.9923 lr=1.99e-04 265.5s
[e7 s17300] loss=0.4006 acc=0.9926 lr=1.99e-04 279.3s
[e7 s17350] loss=0.3999 acc=0.9928 lr=1.98e-04 293.2s
[e7 s17400] loss=0.3997 acc=0.9929 lr=1.98e-04 307.0s
[e7 s17450] loss=0.4000 acc=0.9929 lr=1.97e-04 320.8s
[e7 s17500] loss=0.3998 acc=0.9929 lr=1.96e-04 334.6s
[e7 s17550] loss=0.3996 acc=0.9929 lr=1.96e-04 348.4s
[e7 s17600] loss=0.4005 acc=0.9927 lr=1.95e-04 362.2s
[e7 s17650] loss=0.4007 acc=0.9927 lr=1.95e-04 376.0s
[e7 s17700] loss=0.4005 acc=0.9927 lr=1.94e-04 389.9s
[e7 s17750] loss=0.4004 acc=0.9927 lr=1.94e-04 403.7s
[e7 s17800] loss=0.4005 acc=0.9926 lr=1.93e-04 417.5s
[e7 s17850] loss=0.4009 acc=0.9923 lr=1.92e-04 431.3s
[e7 s17900] loss=0.4013 acc=0.9922 lr=1.92e-04 445.1s
[e7 s17950] loss=0.4016 acc=0.9921 lr=1.91e-04 458.9s
[e7 s18000] loss=0.4020 acc=0.9920 lr=1.91e-04 472.7s
[e7 s18050] loss=0.4019 acc=0.9920 lr=1.90e-04 486.6s
[e7 s18100] loss=0.4018 acc=0.9920 lr=1.89e-04 500.4s
[e7 s18150] loss=0.4017 acc=0.9919 lr=1.89e-04 514.2s
[e7 s18200] loss=0.4026 acc=0.9917 lr=1.88e-04 528.0s
[e7 s18250] loss=0.4029 acc=0.9916 lr=1.88e-04 541.8s
[e7 s18300] loss=0.4027 acc=0.9916 lr=1.87e-04 555.7s
[e7 s18350] loss=0.4025 acc=0.9917 lr=1.87e-04 569.5s
[e7 s18400] loss=0.4023 acc=0.9917 lr=1.86e-04 583.3s
[e7 s18450] loss=0.4022 acc=0.9918 lr=1.85e-04 597.1s
[e7 s18500] loss=0.4025 acc=0.9917 lr=1.85e-04 610.9s
[e7 s18550] loss=0.4025 acc=0.9917 lr=1.84e-04 624.8s
[e7 s18600] loss=0.4023 acc=0.9918 lr=1.84e-04 638.6s
[e7 s18650] loss=0.4020 acc=0.9918 lr=1.83e-04 652.4s
[e7 s18700] loss=0.4022 acc=0.9918 lr=1.82e-04 666.2s
[e7 s18750] loss=0.4022 acc=0.9917 lr=1.82e-04 680.0s
[e7 s18800] loss=0.4020 acc=0.9918 lr=1.81e-04 693.8s
[e7 s18850] loss=0.4016 acc=0.9918 lr=1.81e-04 707.7s
[e7 s18900] loss=0.4014 acc=0.9919 lr=1.80e-04 721.5s
[e7 s18950] loss=0.4010 acc=0.9920 lr=1.79e-04 735.3s
[e7 s19000] loss=0.4008 acc=0.9920 lr=1.79e-04 749.1s
[epoch 7] train loss=0.4009 acc=0.9919 | val loss=0.0559 acc=0.9947 top5=0.9994 | 5509.6s
[info] saved best ckpt @ val_acc=0.9947 -> /home/victus/Papers/Victus_Pardus_0011_Plant_Disease_XAI/Frontiers_Plant_Science/results/best_hybrid.pt
[e8 s19050] loss=0.3761 acc=1.0000 lr=1.78e-04 12.5s
[e8 s19100] loss=0.3868 acc=0.9961 lr=1.78e-04 26.4s
[e8 s19150] loss=0.3850 acc=0.9966 lr=1.77e-04 40.2s
[e8 s19200] loss=0.3873 acc=0.9962 lr=1.76e-04 54.0s
[e8 s19250] loss=0.3871 acc=0.9959 lr=1.76e-04 67.8s
[e8 s19300] loss=0.3871 acc=0.9960 lr=1.75e-04 81.6s
[e8 s19350] loss=0.3883 acc=0.9955 lr=1.75e-04 95.4s
[e8 s19400] loss=0.3893 acc=0.9949 lr=1.74e-04 109.2s
[e8 s19450] loss=0.3897 acc=0.9949 lr=1.73e-04 123.1s
[e8 s19500] loss=0.3898 acc=0.9947 lr=1.73e-04 136.9s
[e8 s19550] loss=0.3906 acc=0.9944 lr=1.72e-04 150.7s
[e8 s19600] loss=0.3902 acc=0.9944 lr=1.72e-04 164.5s
[e8 s19650] loss=0.3911 acc=0.9942 lr=1.71e-04 178.3s
[e8 s19700] loss=0.3901 acc=0.9946 lr=1.70e-04 192.1s
[e8 s19750] loss=0.3893 acc=0.9949 lr=1.70e-04 206.0s
[e8 s19800] loss=0.3892 acc=0.9949 lr=1.69e-04 219.8s
[e8 s19850] loss=0.3893 acc=0.9950 lr=1.69e-04 233.6s
[e8 s19900] loss=0.3896 acc=0.9950 lr=1.68e-04 247.4s
[e8 s19950] loss=0.3904 acc=0.9948 lr=1.67e-04 261.3s
[e8 s20000] loss=0.3899 acc=0.9950 lr=1.67e-04 275.1s
[e8 s20050] loss=0.3897 acc=0.9950 lr=1.66e-04 288.9s
[e8 s20100] loss=0.3899 acc=0.9950 lr=1.66e-04 302.7s
[e8 s20150] loss=0.3907 acc=0.9949 lr=1.65e-04 316.5s
[e8 s20200] loss=0.3907 acc=0.9950 lr=1.64e-04 330.4s
[e8 s20250] loss=0.3908 acc=0.9950 lr=1.64e-04 344.2s
[e8 s20300] loss=0.3907 acc=0.9951 lr=1.63e-04 358.0s
[e8 s20350] loss=0.3901 acc=0.9953 lr=1.63e-04 371.8s
[e8 s20400] loss=0.3898 acc=0.9953 lr=1.62e-04 385.6s
[e8 s20450] loss=0.3898 acc=0.9954 lr=1.61e-04 399.4s
[e8 s20500] loss=0.3902 acc=0.9953 lr=1.61e-04 413.2s
[e8 s20550] loss=0.3900 acc=0.9954 lr=1.60e-04 427.0s
[e8 s20600] loss=0.3900 acc=0.9954 lr=1.60e-04 440.9s
[e8 s20650] loss=0.3898 acc=0.9954 lr=1.59e-04 454.7s
[e8 s20700] loss=0.3901 acc=0.9952 lr=1.58e-04 468.5s
[e8 s20750] loss=0.3904 acc=0.9951 lr=1.58e-04 482.3s
[e8 s20800] loss=0.3904 acc=0.9951 lr=1.57e-04 496.1s
[e8 s20850] loss=0.3905 acc=0.9950 lr=1.56e-04 509.9s
[e8 s20900] loss=0.3907 acc=0.9950 lr=1.56e-04 523.8s
[e8 s20950] loss=0.3909 acc=0.9949 lr=1.55e-04 537.6s
[e8 s21000] loss=0.3908 acc=0.9950 lr=1.55e-04 551.4s
[e8 s21050] loss=0.3907 acc=0.9950 lr=1.54e-04 565.2s
[e8 s21100] loss=0.3903 acc=0.9951 lr=1.53e-04 579.0s
[e8 s21150] loss=0.3904 acc=0.9951 lr=1.53e-04 592.8s
[e8 s21200] loss=0.3904 acc=0.9951 lr=1.52e-04 606.6s
[e8 s21250] loss=0.3901 acc=0.9952 lr=1.52e-04 620.5s
[e8 s21300] loss=0.3903 acc=0.9952 lr=1.51e-04 634.3s
[e8 s21350] loss=0.3902 acc=0.9951 lr=1.50e-04 648.1s
[e8 s21400] loss=0.3903 acc=0.9951 lr=1.50e-04 661.9s
[e8 s21450] loss=0.3904 acc=0.9951 lr=1.49e-04 675.7s
[e8 s21500] loss=0.3905 acc=0.9951 lr=1.49e-04 689.5s
[e8 s21550] loss=0.3905 acc=0.9950 lr=1.48e-04 703.3s
[e8 s21600] loss=0.3905 acc=0.9950 lr=1.47e-04 717.1s
[e8 s21650] loss=0.3903 acc=0.9951 lr=1.47e-04 731.0s
[e8 s21700] loss=0.3905 acc=0.9950 lr=1.46e-04 744.8s
[epoch 8] train loss=0.3904 acc=0.9951 | val loss=0.0474 acc=0.9959 top5=0.9998 | 6295.5s
[info] saved best ckpt @ val_acc=0.9959 -> /home/victus/Papers/Victus_Pardus_0011_Plant_Disease_XAI/Frontiers_Plant_Science/results/best_hybrid.pt
[e9 s21750] loss=0.3876 acc=0.9958 lr=1.46e-04 8.4s
[e9 s21800] loss=0.3842 acc=0.9977 lr=1.45e-04 22.2s
[e9 s21850] loss=0.3835 acc=0.9976 lr=1.44e-04 36.0s
[e9 s21900] loss=0.3849 acc=0.9976 lr=1.44e-04 49.8s
[e9 s21950] loss=0.3866 acc=0.9970 lr=1.43e-04 63.7s
[e9 s22000] loss=0.3870 acc=0.9969 lr=1.42e-04 77.5s
[e9 s22050] loss=0.3877 acc=0.9966 lr=1.42e-04 91.3s
[e9 s22100] loss=0.3872 acc=0.9967 lr=1.41e-04 105.1s
[e9 s22150] loss=0.3866 acc=0.9969 lr=1.41e-04 118.9s
[e9 s22200] loss=0.3861 acc=0.9970 lr=1.40e-04 132.7s
[e9 s22250] loss=0.3865 acc=0.9967 lr=1.39e-04 146.6s
[e9 s22300] loss=0.3861 acc=0.9968 lr=1.39e-04 160.4s
[e9 s22350] loss=0.3854 acc=0.9970 lr=1.38e-04 174.2s
[e9 s22400] loss=0.3859 acc=0.9969 lr=1.38e-04 188.0s
[e9 s22450] loss=0.3866 acc=0.9966 lr=1.37e-04 201.8s
[e9 s22500] loss=0.3866 acc=0.9964 lr=1.36e-04 215.6s
[e9 s22550] loss=0.3866 acc=0.9965 lr=1.36e-04 229.5s
[e9 s22600] loss=0.3863 acc=0.9965 lr=1.35e-04 243.3s
[e9 s22650] loss=0.3863 acc=0.9965 lr=1.35e-04 257.1s
[e9 s22700] loss=0.3859 acc=0.9966 lr=1.34e-04 270.9s
[e9 s22750] loss=0.3865 acc=0.9964 lr=1.33e-04 284.8s
[e9 s22800] loss=0.3868 acc=0.9962 lr=1.33e-04 298.6s
[e9 s22850] loss=0.3871 acc=0.9961 lr=1.32e-04 312.4s
[e9 s22900] loss=0.3867 acc=0.9962 lr=1.32e-04 326.2s
[e9 s22950] loss=0.3870 acc=0.9961 lr=1.31e-04 340.0s
[e9 s23000] loss=0.3878 acc=0.9959 lr=1.30e-04 353.9s
[e9 s23050] loss=0.3875 acc=0.9960 lr=1.30e-04 367.7s
[e9 s23100] loss=0.3875 acc=0.9960 lr=1.29e-04 381.5s
[e9 s23150] loss=0.3871 acc=0.9961 lr=1.29e-04 395.3s
[e9 s23200] loss=0.3872 acc=0.9961 lr=1.28e-04 409.2s
[e9 s23250] loss=0.3869 acc=0.9962 lr=1.27e-04 423.0s
[e9 s23300] loss=0.3869 acc=0.9961 lr=1.27e-04 436.8s
[e9 s23350] loss=0.3868 acc=0.9961 lr=1.26e-04 450.6s
[e9 s23400] loss=0.3867 acc=0.9962 lr=1.26e-04 464.5s
[e9 s23450] loss=0.3867 acc=0.9962 lr=1.25e-04 478.3s
[e9 s23500] loss=0.3863 acc=0.9963 lr=1.24e-04 492.1s
[e9 s23550] loss=0.3864 acc=0.9963 lr=1.24e-04 505.9s
[e9 s23600] loss=0.3864 acc=0.9963 lr=1.23e-04 519.8s
[e9 s23650] loss=0.3865 acc=0.9963 lr=1.23e-04 533.6s
[e9 s23700] loss=0.3864 acc=0.9963 lr=1.22e-04 547.4s
[e9 s23750] loss=0.3864 acc=0.9963 lr=1.21e-04 561.2s
[e9 s23800] loss=0.3861 acc=0.9964 lr=1.21e-04 575.0s
[e9 s23850] loss=0.3862 acc=0.9964 lr=1.20e-04 588.9s
[e9 s23900] loss=0.3863 acc=0.9963 lr=1.20e-04 602.7s
[e9 s23950] loss=0.3864 acc=0.9963 lr=1.19e-04 616.5s
[e9 s24000] loss=0.3863 acc=0.9964 lr=1.18e-04 630.3s
[e9 s24050] loss=0.3864 acc=0.9964 lr=1.18e-04 644.2s
[e9 s24100] loss=0.3864 acc=0.9963 lr=1.17e-04 658.0s
[e9 s24150] loss=0.3865 acc=0.9963 lr=1.17e-04 671.8s
[e9 s24200] loss=0.3865 acc=0.9963 lr=1.16e-04 685.6s
[e9 s24250] loss=0.3867 acc=0.9963 lr=1.15e-04 699.5s
[e9 s24300] loss=0.3867 acc=0.9963 lr=1.15e-04 713.3s
[e9 s24350] loss=0.3865 acc=0.9963 lr=1.14e-04 727.1s
[e9 s24400] loss=0.3865 acc=0.9963 lr=1.14e-04 740.9s
[epoch 9] train loss=0.3864 acc=0.9964 | val loss=0.0679 acc=0.9913 top5=0.9993 | 7081.8s
[e10 s24450] loss=0.3946 acc=0.9958 lr=1.13e-04 4.3s
[e10 s24500] loss=0.3869 acc=0.9962 lr=1.12e-04 18.1s
[e10 s24550] loss=0.3861 acc=0.9957 lr=1.12e-04 31.9s
[e10 s24600] loss=0.3849 acc=0.9966 lr=1.11e-04 45.7s
[e10 s24650] loss=0.3845 acc=0.9965 lr=1.11e-04 59.6s
[e10 s24700] loss=0.3844 acc=0.9967 lr=1.10e-04 73.4s
[e10 s24750] loss=0.3830 acc=0.9970 lr=1.09e-04 87.2s
[e10 s24800] loss=0.3828 acc=0.9971 lr=1.09e-04 101.0s
[e10 s24850] loss=0.3825 acc=0.9970 lr=1.08e-04 114.9s
[e10 s24900] loss=0.3820 acc=0.9972 lr=1.08e-04 128.7s
[e10 s24950] loss=0.3833 acc=0.9971 lr=1.07e-04 142.5s
[e10 s25000] loss=0.3840 acc=0.9970 lr=1.07e-04 156.3s
[e10 s25050] loss=0.3833 acc=0.9973 lr=1.06e-04 170.2s
[e10 s25100] loss=0.3831 acc=0.9973 lr=1.05e-04 184.0s
[e10 s25150] loss=0.3828 acc=0.9974 lr=1.05e-04 197.8s
[e10 s25200] loss=0.3832 acc=0.9973 lr=1.04e-04 211.6s
[e10 s25250] loss=0.3834 acc=0.9972 lr=1.04e-04 225.5s
[e10 s25300] loss=0.3833 acc=0.9973 lr=1.03e-04 239.3s
[e10 s25350] loss=0.3828 acc=0.9974 lr=1.02e-04 253.1s
[e10 s25400] loss=0.3826 acc=0.9975 lr=1.02e-04 266.9s
[e10 s25450] loss=0.3825 acc=0.9975 lr=1.01e-04 280.8s
[e10 s25500] loss=0.3824 acc=0.9975 lr=1.01e-04 294.6s
[e10 s25550] loss=0.3825 acc=0.9975 lr=1.00e-04 308.4s
[e10 s25600] loss=0.3828 acc=0.9974 lr=9.96e-05 322.2s
[e10 s25650] loss=0.3827 acc=0.9975 lr=9.90e-05 336.1s
[e10 s25700] loss=0.3827 acc=0.9974 lr=9.85e-05 349.9s
[e10 s25750] loss=0.3829 acc=0.9974 lr=9.79e-05 363.7s
[e10 s25800] loss=0.3827 acc=0.9975 lr=9.73e-05 377.6s
[e10 s25850] loss=0.3826 acc=0.9975 lr=9.67e-05 391.4s
[e10 s25900] loss=0.3825 acc=0.9975 lr=9.62e-05 405.2s
[e10 s25950] loss=0.3822 acc=0.9976 lr=9.56e-05 419.0s
[e10 s26000] loss=0.3820 acc=0.9977 lr=9.50e-05 432.9s
[e10 s26050] loss=0.3819 acc=0.9977 lr=9.45e-05 446.7s
[e10 s26100] loss=0.3818 acc=0.9977 lr=9.39e-05 460.5s
[e10 s26150] loss=0.3820 acc=0.9976 lr=9.33e-05 474.3s
[e10 s26200] loss=0.3818 acc=0.9977 lr=9.28e-05 488.2s
[e10 s26250] loss=0.3822 acc=0.9976 lr=9.22e-05 502.0s
[e10 s26300] loss=0.3822 acc=0.9976 lr=9.17e-05 515.8s
[e10 s26350] loss=0.3823 acc=0.9975 lr=9.11e-05 529.6s
[e10 s26400] loss=0.3828 acc=0.9973 lr=9.05e-05 543.5s
[e10 s26450] loss=0.3827 acc=0.9974 lr=9.00e-05 557.3s
[e10 s26500] loss=0.3825 acc=0.9974 lr=8.94e-05 571.1s
[e10 s26550] loss=0.3826 acc=0.9974 lr=8.89e-05 584.9s
[e10 s26600] loss=0.3828 acc=0.9973 lr=8.83e-05 598.8s
[e10 s26650] loss=0.3827 acc=0.9973 lr=8.78e-05 612.6s
[e10 s26700] loss=0.3827 acc=0.9973 lr=8.72e-05 626.4s
[e10 s26750] loss=0.3826 acc=0.9974 lr=8.67e-05 640.2s
[e10 s26800] loss=0.3826 acc=0.9974 lr=8.61e-05 654.1s
[e10 s26850] loss=0.3825 acc=0.9974 lr=8.55e-05 667.9s
[e10 s26900] loss=0.3826 acc=0.9974 lr=8.50e-05 681.8s
[e10 s26950] loss=0.3825 acc=0.9974 lr=8.45e-05 695.6s
[e10 s27000] loss=0.3826 acc=0.9974 lr=8.39e-05 709.4s
[e10 s27050] loss=0.3826 acc=0.9974 lr=8.34e-05 723.2s
[e10 s27100] loss=0.3825 acc=0.9974 lr=8.28e-05 737.1s
[e10 s27150] loss=0.3827 acc=0.9974 lr=8.23e-05 750.9s
[epoch 10] train loss=0.3827 acc=0.9974 | val loss=0.0555 acc=0.9936 top5=0.9996 | 7868.1s
[e11 s27200] loss=0.3830 acc=0.9975 lr=8.17e-05 13.9s
[e11 s27250] loss=0.3788 acc=0.9988 lr=8.12e-05 27.8s
[e11 s27300] loss=0.3822 acc=0.9971 lr=8.06e-05 41.6s
[e11 s27350] loss=0.3805 acc=0.9978 lr=8.01e-05 55.4s
[e11 s27400] loss=0.3805 acc=0.9975 lr=7.96e-05 69.2s
[e11 s27450] loss=0.3803 acc=0.9977 lr=7.90e-05 83.1s
[e11 s27500] loss=0.3811 acc=0.9975 lr=7.85e-05 96.9s
[e11 s27550] loss=0.3810 acc=0.9977 lr=7.80e-05 110.7s
[e11 s27600] loss=0.3813 acc=0.9976 lr=7.74e-05 124.6s
[e11 s27650] loss=0.3807 acc=0.9978 lr=7.69e-05 138.4s
[e11 s27700] loss=0.3806 acc=0.9978 lr=7.64e-05 152.2s
[e11 s27750] loss=0.3808 acc=0.9978 lr=7.58e-05 166.0s
[e11 s27800] loss=0.3803 acc=0.9980 lr=7.53e-05 179.9s
[e11 s27850] loss=0.3803 acc=0.9979 lr=7.48e-05 193.7s
[e11 s27900] loss=0.3800 acc=0.9980 lr=7.42e-05 207.5s
[e11 s27950] loss=0.3799 acc=0.9980 lr=7.37e-05 221.3s
[e11 s28000] loss=0.3798 acc=0.9980 lr=7.32e-05 235.2s
[e11 s28050] loss=0.3799 acc=0.9981 lr=7.27e-05 249.0s
[e11 s28100] loss=0.3796 acc=0.9981 lr=7.22e-05 262.8s
[e11 s28150] loss=0.3798 acc=0.9981 lr=7.16e-05 276.7s
[e11 s28200] loss=0.3798 acc=0.9980 lr=7.11e-05 290.5s
[e11 s28250] loss=0.3795 acc=0.9981 lr=7.06e-05 304.3s
[e11 s28300] loss=0.3795 acc=0.9982 lr=7.01e-05 318.2s
[e11 s28350] loss=0.3801 acc=0.9979 lr=6.96e-05 332.0s
[e11 s28400] loss=0.3800 acc=0.9980 lr=6.91e-05 345.8s
[e11 s28450] loss=0.3801 acc=0.9979 lr=6.85e-05 359.7s
[e11 s28500] loss=0.3800 acc=0.9979 lr=6.80e-05 373.5s
[e11 s28550] loss=0.3800 acc=0.9978 lr=6.75e-05 387.3s
[e11 s28600] loss=0.3799 acc=0.9978 lr=6.70e-05 401.1s
[e11 s28650] loss=0.3799 acc=0.9979 lr=6.65e-05 415.0s
[e11 s28700] loss=0.3801 acc=0.9978 lr=6.60e-05 428.8s
[e11 s28750] loss=0.3805 acc=0.9978 lr=6.55e-05 442.7s
[e11 s28800] loss=0.3805 acc=0.9978 lr=6.50e-05 456.5s
[e11 s28850] loss=0.3804 acc=0.9978 lr=6.45e-05 470.3s
[e11 s28900] loss=0.3804 acc=0.9978 lr=6.40e-05 484.1s
[e11 s28950] loss=0.3803 acc=0.9978 lr=6.35e-05 498.0s
[e11 s29000] loss=0.3804 acc=0.9978 lr=6.30e-05 511.8s
[e11 s29050] loss=0.3805 acc=0.9978 lr=6.25e-05 525.6s
[e11 s29100] loss=0.3803 acc=0.9979 lr=6.20e-05 539.5s
[e11 s29150] loss=0.3803 acc=0.9979 lr=6.15e-05 553.3s
[e11 s29200] loss=0.3801 acc=0.9979 lr=6.10e-05 567.1s
[e11 s29250] loss=0.3802 acc=0.9979 lr=6.05e-05 581.0s
[e11 s29300] loss=0.3800 acc=0.9980 lr=6.01e-05 594.8s
[e11 s29350] loss=0.3799 acc=0.9980 lr=5.96e-05 608.6s
[e11 s29400] loss=0.3798 acc=0.9981 lr=5.91e-05 622.5s
[e11 s29450] loss=0.3797 acc=0.9981 lr=5.86e-05 636.3s
[e11 s29500] loss=0.3796 acc=0.9981 lr=5.81e-05 650.1s
[e11 s29550] loss=0.3797 acc=0.9981 lr=5.76e-05 664.0s
[e11 s29600] loss=0.3797 acc=0.9981 lr=5.72e-05 677.8s
[e11 s29650] loss=0.3796 acc=0.9981 lr=5.67e-05 691.6s
[e11 s29700] loss=0.3795 acc=0.9981 lr=5.62e-05 705.5s
[e11 s29750] loss=0.3795 acc=0.9981 lr=5.57e-05 719.3s
[e11 s29800] loss=0.3795 acc=0.9981 lr=5.53e-05 733.1s
[e11 s29850] loss=0.3794 acc=0.9981 lr=5.48e-05 746.9s
[epoch 11] train loss=0.3794 acc=0.9981 | val loss=0.0566 acc=0.9941 top5=0.9996 | 8654.6s
[e12 s29900] loss=0.3908 acc=0.9964 lr=5.43e-05 9.8s
[e12 s29950] loss=0.3813 acc=0.9978 lr=5.38e-05 23.6s
[e12 s30000] loss=0.3822 acc=0.9977 lr=5.34e-05 37.4s
[e12 s30050] loss=0.3808 acc=0.9976 lr=5.29e-05 51.3s
[e12 s30100] loss=0.3794 acc=0.9981 lr=5.24e-05 65.1s
[e12 s30150] loss=0.3810 acc=0.9976 lr=5.20e-05 78.9s
[e12 s30200] loss=0.3800 acc=0.9979 lr=5.15e-05 92.7s
[e12 s30250] loss=0.3791 acc=0.9982 lr=5.11e-05 106.6s
[e12 s30300] loss=0.3785 acc=0.9984 lr=5.06e-05 120.4s
[e12 s30350] loss=0.3788 acc=0.9983 lr=5.02e-05 134.2s
[e12 s30400] loss=0.3785 acc=0.9984 lr=4.97e-05 148.1s
[e12 s30450] loss=0.3783 acc=0.9985 lr=4.93e-05 161.9s
[e12 s30500] loss=0.3787 acc=0.9984 lr=4.88e-05 175.7s
[e12 s30550] loss=0.3784 acc=0.9984 lr=4.84e-05 189.6s
[e12 s30600] loss=0.3784 acc=0.9985 lr=4.79e-05 203.4s
[e12 s30650] loss=0.3781 acc=0.9986 lr=4.75e-05 217.2s
[e12 s30700] loss=0.3779 acc=0.9986 lr=4.70e-05 231.1s
[e12 s30750] loss=0.3778 acc=0.9985 lr=4.66e-05 244.9s
[e12 s30800] loss=0.3776 acc=0.9986 lr=4.61e-05 258.7s
[e12 s30850] loss=0.3774 acc=0.9987 lr=4.57e-05 272.5s
[e12 s30900] loss=0.3772 acc=0.9987 lr=4.53e-05 286.4s
[e12 s30950] loss=0.3770 acc=0.9988 lr=4.48e-05 300.2s
[e12 s31000] loss=0.3772 acc=0.9988 lr=4.44e-05 314.0s
[e12 s31050] loss=0.3774 acc=0.9987 lr=4.40e-05 327.9s
[e12 s31100] loss=0.3772 acc=0.9988 lr=4.35e-05 341.7s
[e12 s31150] loss=0.3771 acc=0.9988 lr=4.31e-05 355.5s
[e12 s31200] loss=0.3769 acc=0.9989 lr=4.27e-05 369.3s
[e12 s31250] loss=0.3768 acc=0.9989 lr=4.22e-05 383.2s
[e12 s31300] loss=0.3768 acc=0.9989 lr=4.18e-05 397.0s
[e12 s31350] loss=0.3767 acc=0.9989 lr=4.14e-05 410.8s
[e12 s31400] loss=0.3767 acc=0.9989 lr=4.10e-05 424.7s
[e12 s31450] loss=0.3767 acc=0.9989 lr=4.06e-05 438.5s
[e12 s31500] loss=0.3767 acc=0.9989 lr=4.02e-05 452.3s
[e12 s31550] loss=0.3771 acc=0.9988 lr=3.97e-05 466.2s
[e12 s31600] loss=0.3770 acc=0.9988 lr=3.93e-05 480.0s
[e12 s31650] loss=0.3769 acc=0.9989 lr=3.89e-05 493.8s
[e12 s31700] loss=0.3771 acc=0.9989 lr=3.85e-05 507.6s
[e12 s31750] loss=0.3771 acc=0.9989 lr=3.81e-05 521.5s
[e12 s31800] loss=0.3771 acc=0.9989 lr=3.77e-05 535.3s
[e12 s31850] loss=0.3771 acc=0.9989 lr=3.73e-05 549.1s
[e12 s31900] loss=0.3770 acc=0.9989 lr=3.69e-05 562.9s
[e12 s31950] loss=0.3773 acc=0.9989 lr=3.65e-05 576.8s
[e12 s32000] loss=0.3772 acc=0.9989 lr=3.61e-05 590.6s
[e12 s32050] loss=0.3772 acc=0.9989 lr=3.57e-05 604.4s
[e12 s32100] loss=0.3771 acc=0.9989 lr=3.53e-05 618.2s
[e12 s32150] loss=0.3771 acc=0.9989 lr=3.49e-05 632.1s
[e12 s32200] loss=0.3771 acc=0.9989 lr=3.45e-05 645.9s
[e12 s32250] loss=0.3770 acc=0.9989 lr=3.41e-05 659.7s
[e12 s32300] loss=0.3770 acc=0.9989 lr=3.38e-05 673.5s
[e12 s32350] loss=0.3769 acc=0.9990 lr=3.34e-05 687.4s
[e12 s32400] loss=0.3769 acc=0.9990 lr=3.30e-05 701.2s
[e12 s32450] loss=0.3768 acc=0.9990 lr=3.26e-05 715.0s
[e12 s32500] loss=0.3768 acc=0.9990 lr=3.22e-05 728.8s
[e12 s32550] loss=0.3768 acc=0.9990 lr=3.19e-05 742.7s
[epoch 12] train loss=0.3769 acc=0.9989 | val loss=0.0548 acc=0.9943 top5=0.9998 | 9441.0s
[e13 s32600] loss=0.3829 acc=0.9969 lr=3.15e-05 5.7s
[e13 s32650] loss=0.3761 acc=0.9991 lr=3.11e-05 19.5s
[e13 s32700] loss=0.3764 acc=0.9990 lr=3.07e-05 33.3s
[e13 s32750] loss=0.3758 acc=0.9989 lr=3.04e-05 47.1s
[e13 s32800] loss=0.3760 acc=0.9986 lr=3.00e-05 61.0s
[e13 s32850] loss=0.3757 acc=0.9988 lr=2.96e-05 74.8s
[e13 s32900] loss=0.3754 acc=0.9990 lr=2.93e-05 88.6s
[e13 s32950] loss=0.3753 acc=0.9992 lr=2.89e-05 102.4s
[e13 s33000] loss=0.3750 acc=0.9993 lr=2.86e-05 116.3s
[e13 s33050] loss=0.3749 acc=0.9993 lr=2.82e-05 130.1s
[e13 s33100] loss=0.3748 acc=0.9994 lr=2.78e-05 143.9s
[e13 s33150] loss=0.3746 acc=0.9995 lr=2.75e-05 157.7s
[e13 s33200] loss=0.3745 acc=0.9995 lr=2.71e-05 171.6s
[e13 s33250] loss=0.3748 acc=0.9994 lr=2.68e-05 185.4s
[e13 s33300] loss=0.3748 acc=0.9995 lr=2.64e-05 199.2s
[e13 s33350] loss=0.3748 acc=0.9994 lr=2.61e-05 213.0s
[e13 s33400] loss=0.3748 acc=0.9995 lr=2.58e-05 226.9s
[e13 s33450] loss=0.3747 acc=0.9995 lr=2.54e-05 240.7s
[e13 s33500] loss=0.3750 acc=0.9994 lr=2.51e-05 254.5s
[e13 s33550] loss=0.3749 acc=0.9994 lr=2.47e-05 268.3s
[e13 s33600] loss=0.3750 acc=0.9994 lr=2.44e-05 282.2s
[e13 s33650] loss=0.3750 acc=0.9994 lr=2.41e-05 296.0s
[e13 s33700] loss=0.3751 acc=0.9994 lr=2.38e-05 309.8s
[e13 s33750] loss=0.3750 acc=0.9994 lr=2.34e-05 323.7s
[e13 s33800] loss=0.3750 acc=0.9994 lr=2.31e-05 337.5s
[e13 s33850] loss=0.3752 acc=0.9994 lr=2.28e-05 351.3s
[e13 s33900] loss=0.3754 acc=0.9993 lr=2.25e-05 365.2s
[e13 s33950] loss=0.3753 acc=0.9994 lr=2.21e-05 379.0s
[e13 s34000] loss=0.3755 acc=0.9993 lr=2.18e-05 392.8s
[e13 s34050] loss=0.3754 acc=0.9994 lr=2.15e-05 406.6s
[e13 s34100] loss=0.3756 acc=0.9993 lr=2.12e-05 420.5s
[e13 s34150] loss=0.3757 acc=0.9993 lr=2.09e-05 434.3s
[e13 s34200] loss=0.3756 acc=0.9993 lr=2.06e-05 448.1s
[e13 s34250] loss=0.3755 acc=0.9994 lr=2.03e-05 462.0s
[e13 s34300] loss=0.3755 acc=0.9994 lr=2.00e-05 475.8s
[e13 s34350] loss=0.3756 acc=0.9993 lr=1.97e-05 489.6s
[e13 s34400] loss=0.3757 acc=0.9993 lr=1.94e-05 503.5s
[e13 s34450] loss=0.3756 acc=0.9993 lr=1.91e-05 517.3s
[e13 s34500] loss=0.3756 acc=0.9993 lr=1.88e-05 531.1s
[e13 s34550] loss=0.3755 acc=0.9994 lr=1.85e-05 545.0s
[e13 s34600] loss=0.3756 acc=0.9993 lr=1.82e-05 558.8s
[e13 s34650] loss=0.3755 acc=0.9993 lr=1.79e-05 572.6s
[e13 s34700] loss=0.3755 acc=0.9994 lr=1.76e-05 586.5s
[e13 s34750] loss=0.3754 acc=0.9994 lr=1.73e-05 600.3s
[e13 s34800] loss=0.3754 acc=0.9994 lr=1.70e-05 614.1s
[e13 s34850] loss=0.3754 acc=0.9994 lr=1.67e-05 628.0s
[e13 s34900] loss=0.3754 acc=0.9994 lr=1.65e-05 641.8s
[e13 s34950] loss=0.3754 acc=0.9993 lr=1.62e-05 655.6s
[e13 s35000] loss=0.3755 acc=0.9993 lr=1.59e-05 669.4s
[e13 s35050] loss=0.3754 acc=0.9993 lr=1.56e-05 683.3s
[e13 s35100] loss=0.3755 acc=0.9993 lr=1.54e-05 697.1s
[e13 s35150] loss=0.3754 acc=0.9993 lr=1.51e-05 710.9s
[e13 s35200] loss=0.3754 acc=0.9994 lr=1.48e-05 724.7s
[e13 s35250] loss=0.3754 acc=0.9994 lr=1.46e-05 738.6s
[epoch 13] train loss=0.3754 acc=0.9994 | val loss=0.0537 acc=0.9950 top5=0.9998 | 10227.4s
[e14 s35300] loss=0.3730 acc=1.0000 lr=1.43e-05 1.5s
[e14 s35350] loss=0.3795 acc=0.9989 lr=1.41e-05 15.3s
[e14 s35400] loss=0.3795 acc=0.9988 lr=1.38e-05 29.1s
[e14 s35450] loss=0.3777 acc=0.9992 lr=1.36e-05 43.0s
[e14 s35500] loss=0.3784 acc=0.9991 lr=1.33e-05 56.8s
[e14 s35550] loss=0.3774 acc=0.9993 lr=1.30e-05 70.6s
[e14 s35600] loss=0.3767 acc=0.9994 lr=1.28e-05 84.5s
[e14 s35650] loss=0.3770 acc=0.9993 lr=1.26e-05 98.3s
[e14 s35700] loss=0.3767 acc=0.9994 lr=1.23e-05 112.1s
[e14 s35750] loss=0.3766 acc=0.9993 lr=1.21e-05 125.9s
[e14 s35800] loss=0.3763 acc=0.9994 lr=1.18e-05 139.8s
[e14 s35850] loss=0.3760 acc=0.9994 lr=1.16e-05 153.6s
[e14 s35900] loss=0.3758 acc=0.9995 lr=1.14e-05 167.4s
[e14 s35950] loss=0.3761 acc=0.9994 lr=1.11e-05 181.3s
[e14 s36000] loss=0.3760 acc=0.9994 lr=1.09e-05 195.1s
[e14 s36050] loss=0.3759 acc=0.9994 lr=1.07e-05 208.9s
[e14 s36100] loss=0.3757 acc=0.9995 lr=1.05e-05 222.7s
[e14 s36150] loss=0.3755 acc=0.9995 lr=1.02e-05 236.6s
[e14 s36200] loss=0.3755 acc=0.9994 lr=1.00e-05 250.4s
[e14 s36250] loss=0.3754 acc=0.9995 lr=9.79e-06 264.2s
[e14 s36300] loss=0.3753 acc=0.9995 lr=9.58e-06 278.1s
[e14 s36350] loss=0.3753 acc=0.9995 lr=9.37e-06 291.9s
[e14 s36400] loss=0.3752 acc=0.9995 lr=9.16e-06 305.7s
[e14 s36450] loss=0.3751 acc=0.9995 lr=8.95e-06 319.6s
[e14 s36500] loss=0.3751 acc=0.9995 lr=8.74e-06 333.4s
[e14 s36550] loss=0.3750 acc=0.9995 lr=8.54e-06 347.2s
[e14 s36600] loss=0.3750 acc=0.9995 lr=8.34e-06 361.1s
[e14 s36650] loss=0.3749 acc=0.9995 lr=8.14e-06 374.9s
[e14 s36700] loss=0.3748 acc=0.9996 lr=7.94e-06 388.7s
[e14 s36750] loss=0.3748 acc=0.9996 lr=7.75e-06 402.5s
[e14 s36800] loss=0.3748 acc=0.9995 lr=7.55e-06 416.4s
[e14 s36850] loss=0.3747 acc=0.9996 lr=7.36e-06 430.2s
[e14 s36900] loss=0.3747 acc=0.9996 lr=7.18e-06 444.0s
[e14 s36950] loss=0.3747 acc=0.9996 lr=6.99e-06 457.9s
[e14 s37000] loss=0.3746 acc=0.9996 lr=6.81e-06 471.7s
[e14 s37050] loss=0.3746 acc=0.9996 lr=6.63e-06 485.5s
[e14 s37100] loss=0.3745 acc=0.9996 lr=6.45e-06 499.4s
[e14 s37150] loss=0.3746 acc=0.9996 lr=6.28e-06 513.2s
[e14 s37200] loss=0.3746 acc=0.9996 lr=6.10e-06 527.0s
[e14 s37250] loss=0.3746 acc=0.9996 lr=5.93e-06 540.9s
[e14 s37300] loss=0.3746 acc=0.9996 lr=5.76e-06 554.7s
[e14 s37350] loss=0.3745 acc=0.9996 lr=5.60e-06 568.5s
[e14 s37400] loss=0.3746 acc=0.9996 lr=5.43e-06 582.4s
[e14 s37450] loss=0.3746 acc=0.9996 lr=5.27e-06 596.2s
[e14 s37500] loss=0.3746 acc=0.9996 lr=5.11e-06 610.0s
[e14 s37550] loss=0.3747 acc=0.9996 lr=4.96e-06 623.8s
[e14 s37600] loss=0.3746 acc=0.9996 lr=4.80e-06 637.7s
[e14 s37650] loss=0.3746 acc=0.9996 lr=4.65e-06 651.5s
[e14 s37700] loss=0.3746 acc=0.9996 lr=4.50e-06 665.3s
[e14 s37750] loss=0.3745 acc=0.9996 lr=4.36e-06 679.2s
[e14 s37800] loss=0.3745 acc=0.9996 lr=4.21e-06 693.0s
[e14 s37850] loss=0.3745 acc=0.9996 lr=4.07e-06 706.8s
[e14 s37900] loss=0.3745 acc=0.9995 lr=3.93e-06 720.7s
[e14 s37950] loss=0.3745 acc=0.9995 lr=3.79e-06 734.5s
[e14 s38000] loss=0.3747 acc=0.9995 lr=3.66e-06 748.3s
[epoch 14] train loss=0.3747 acc=0.9995 | val loss=0.0583 acc=0.9932 top5=0.9991 | 11013.9s
[e15 s38050] loss=0.3730 acc=1.0000 lr=3.52e-06 11.2s
[e15 s38100] loss=0.3731 acc=1.0000 lr=3.39e-06 25.0s
[e15 s38150] loss=0.3733 acc=1.0000 lr=3.27e-06 38.8s
[e15 s38200] loss=0.3734 acc=1.0000 lr=3.14e-06 52.7s
[e15 s38250] loss=0.3734 acc=1.0000 lr=3.02e-06 66.5s
[e15 s38300] loss=0.3733 acc=1.0000 lr=2.90e-06 80.3s
[e15 s38350] loss=0.3734 acc=1.0000 lr=2.78e-06 94.1s
[e15 s38400] loss=0.3743 acc=0.9998 lr=2.67e-06 108.0s
[e15 s38450] loss=0.3742 acc=0.9999 lr=2.55e-06 121.8s
[e15 s38500] loss=0.3741 acc=0.9999 lr=2.44e-06 135.6s
[e15 s38550] loss=0.3741 acc=0.9999 lr=2.33e-06 149.5s
[e15 s38600] loss=0.3740 acc=0.9999 lr=2.23e-06 163.3s
[e15 s38650] loss=0.3740 acc=0.9999 lr=2.12e-06 177.1s
[e15 s38700] loss=0.3739 acc=0.9999 lr=2.02e-06 190.9s
[e15 s38750] loss=0.3739 acc=0.9999 lr=1.92e-06 204.8s
[e15 s38800] loss=0.3738 acc=0.9999 lr=1.83e-06 218.6s
[e15 s38850] loss=0.3738 acc=0.9999 lr=1.74e-06 232.4s
[e15 s38900] loss=0.3738 acc=0.9999 lr=1.64e-06 246.2s
[e15 s38950] loss=0.3741 acc=0.9998 lr=1.56e-06 260.0s
[e15 s39000] loss=0.3741 acc=0.9998 lr=1.47e-06 273.9s
[e15 s39050] loss=0.3740 acc=0.9998 lr=1.39e-06 287.7s
[e15 s39100] loss=0.3740 acc=0.9998 lr=1.30e-06 301.5s
[e15 s39150] loss=0.3742 acc=0.9997 lr=1.23e-06 315.4s
[e15 s39200] loss=0.3741 acc=0.9997 lr=1.15e-06 329.2s
[e15 s39250] loss=0.3741 acc=0.9997 lr=1.07e-06 343.1s
[e15 s39300] loss=0.3741 acc=0.9998 lr=1.00e-06 356.9s
[e15 s39350] loss=0.3741 acc=0.9998 lr=9.34e-07 370.7s
[e15 s39400] loss=0.3740 acc=0.9998 lr=8.67e-07 384.5s
[e15 s39450] loss=0.3740 acc=0.9998 lr=8.03e-07 398.4s
[e15 s39500] loss=0.3742 acc=0.9997 lr=7.41e-07 412.2s
[e15 s39550] loss=0.3742 acc=0.9997 lr=6.82e-07 426.0s
[e15 s39600] loss=0.3743 acc=0.9997 lr=6.25e-07 439.8s
[e15 s39650] loss=0.3743 acc=0.9997 lr=5.71e-07 453.7s
[e15 s39700] loss=0.3743 acc=0.9997 lr=5.19e-07 467.5s
[e15 s39750] loss=0.3742 acc=0.9997 lr=4.70e-07 481.3s
[e15 s39800] loss=0.3743 acc=0.9997 lr=4.23e-07 495.2s
[e15 s39850] loss=0.3743 acc=0.9997 lr=3.78e-07 509.0s
[e15 s39900] loss=0.3743 acc=0.9997 lr=3.36e-07 522.8s
[e15 s39950] loss=0.3745 acc=0.9996 lr=2.97e-07 536.7s
[e15 s40000] loss=0.3744 acc=0.9997 lr=2.60e-07 550.5s
[e15 s40050] loss=0.3744 acc=0.9997 lr=2.25e-07 564.3s
[e15 s40100] loss=0.3744 acc=0.9997 lr=1.93e-07 578.2s
[e15 s40150] loss=0.3744 acc=0.9997 lr=1.63e-07 592.0s
[e15 s40200] loss=0.3743 acc=0.9997 lr=1.36e-07 605.8s
[e15 s40250] loss=0.3743 acc=0.9997 lr=1.12e-07 619.7s
[e15 s40300] loss=0.3743 acc=0.9997 lr=8.93e-08 633.5s
[e15 s40350] loss=0.3743 acc=0.9997 lr=6.95e-08 647.3s
[e15 s40400] loss=0.3743 acc=0.9997 lr=5.22e-08 661.2s
[e15 s40450] loss=0.3743 acc=0.9997 lr=3.74e-08 675.0s
[e15 s40500] loss=0.3744 acc=0.9997 lr=2.50e-08 688.8s
[e15 s40550] loss=0.3743 acc=0.9997 lr=1.51e-08 702.7s
[e15 s40600] loss=0.3743 acc=0.9997 lr=7.73e-09 716.5s
[e15 s40650] loss=0.3743 acc=0.9997 lr=2.78e-09 730.3s
[e15 s40700] loss=0.3743 acc=0.9997 lr=3.09e-10 744.2s
[epoch 15] train loss=0.3743 acc=0.9997 | val loss=0.0520 acc=0.9950 top5=0.9998 | 11800.5s
[test-final] loss=0.0447 acc=0.9972 top5=0.9996
